// Jest Snapshot v1, https://goo.gl/fbAQLP

exports[`loads and displays greeting 1`] = `
<DocumentFragment>
  <header
    class="MuiPaper-root MuiPaper-elevation4 MuiAppBar-root MuiAppBar-positionStatic MuiAppBar-colorPrimary"
  >
    <div
      class="MuiToolbar-root MuiToolbar-regular MuiToolbar-gutters"
    >
      <h6
        class="MuiTypography-root MuiTypography-h6"
      >
        <a
          class="makeStyles-title-3"
          href="/"
        >
          Tickets app
        </a>
      </h6>
    </div>
  </header>
  <div
    class="MuiGrid-root MuiGrid-container MuiGrid-justify-xs-center"
  >
    <div
      class="MuiGrid-root makeStyles-margin-4 MuiGrid-item MuiGrid-grid-xs-12 MuiGrid-grid-sm-10 MuiGrid-grid-md-8 MuiGrid-grid-lg-6"
    />
  </div>
</DocumentFragment>
`;
